\BOOKMARK [0][-]{chapter.1}{\376\377\000I\000n\000t\000r\000o\000d\000u\000c\000c\000i\000\363\000n\000,\000\040\000m\000o\000t\000i\000v\000a\000c\000i\000\363\000n\000\040\000y\000\040\000o\000b\000j\000e\000t\000i\000v\000o\000s}{}% 1
\BOOKMARK [1][-]{section.1.1}{\376\377\000C\000o\000n\000t\000e\000x\000t\000o\000\040\000y\000\040\000c\000o\000n\000t\000i\000n\000u\000i\000d\000a\000d\000\040\000c\000o\000n\000\040\000e\000l\000\040\000T\000r\000a\000b\000a\000j\000o\000\040\000F\000i\000n\000\040\000d\000e\000\040\000G\000r\000a\000d\000o}{chapter.1}% 2
\BOOKMARK [1][-]{section.1.2}{\376\377\000P\000r\000o\000b\000l\000e\000m\000a\000\040\000d\000e\000\040\000p\000a\000r\000t\000i\000d\000a\000\040\000y\000\040\000m\000o\000t\000i\000v\000a\000c\000i\000\363\000n}{chapter.1}% 3
\BOOKMARK [1][-]{section.1.3}{\376\377\000O\000b\000j\000e\000t\000i\000v\000o\000s}{chapter.1}% 4
\BOOKMARK [1][-]{section.1.4}{\376\377\000A\000s\000p\000e\000c\000t\000o\000s\000\040\000\351\000t\000i\000c\000o\000s\000\040\000y\000\040\000d\000e\000\040\000p\000r\000i\000v\000a\000c\000i\000d\000a\000d\000\040\000e\000n\000\040\000e\000l\000\040\000t\000r\000a\000t\000a\000m\000i\000e\000n\000t\000o\000\040\000d\000e\000\040\000d\000a\000t\000o\000s}{chapter.1}% 5
\BOOKMARK [1][-]{section.1.5}{\376\377\000R\000e\000s\000u\000l\000t\000a\000d\000o\000s\000\040\000d\000e\000\040\000a\000p\000r\000e\000n\000d\000i\000z\000a\000j\000e\000\040\000d\000e\000l\000\040\000m\000\341\000s\000t\000e\000r}{chapter.1}% 6
\BOOKMARK [1][-]{section.1.6}{\376\377\000E\000s\000t\000r\000u\000c\000t\000u\000r\000a\000\040\000d\000e\000l\000\040\000d\000o\000c\000u\000m\000e\000n\000t\000o}{chapter.1}% 7
\BOOKMARK [0][-]{chapter.2}{\376\377\000E\000s\000t\000a\000d\000o\000\040\000d\000e\000l\000\040\000a\000r\000t\000e\000\040\000y\000\040\000d\000e\000c\000i\000s\000i\000o\000n\000e\000s\000\040\000a\000r\000q\000u\000i\000t\000e\000c\000t\000\363\000n\000i\000c\000a\000s}{}% 8
\BOOKMARK [1][-]{section.2.1}{\376\377\000D\000e\000\040\000l\000o\000s\000\040\000s\000i\000s\000t\000e\000m\000a\000s\000\040\000d\000e\000\040\000a\000l\000m\000a\000c\000e\000n\000a\000m\000i\000e\000n\000t\000o\000\040\000a\000n\000a\000l\000\355\000t\000i\000c\000o\000\040\000a\000l\000\040\000l\000a\000k\000e\000h\000o\000u\000s\000e}{chapter.2}% 9
\BOOKMARK [1][-]{section.2.2}{\376\377\000F\000o\000r\000m\000a\000t\000o\000\040\000d\000e\000\040\000t\000a\000b\000l\000a\000:\000\040\000A\000p\000a\000c\000h\000e\000\040\000I\000c\000e\000b\000e\000r\000g\000\040\000f\000r\000e\000n\000t\000e\000\040\000a\000\040\000s\000u\000s\000\040\000a\000l\000t\000e\000r\000n\000a\000t\000i\000v\000a\000s}{chapter.2}% 10
\BOOKMARK [2][-]{subsection.2.2.1}{\376\377\000C\000a\000t\000\341\000l\000o\000g\000o\000\040\000d\000e\000\040\000I\000c\000e\000b\000e\000r\000g}{section.2.2}% 11
\BOOKMARK [1][-]{section.2.3}{\376\377\000A\000l\000m\000a\000c\000e\000n\000a\000m\000i\000e\000n\000t\000o\000\040\000d\000e\000\040\000o\000b\000j\000e\000t\000o\000s\000:\000\040\000M\000i\000n\000I\000O\000\040\000f\000r\000e\000n\000t\000e\000\040\000a\000\040\000s\000u\000s\000\040\000a\000l\000t\000e\000r\000n\000a\000t\000i\000v\000a\000s}{chapter.2}% 12
\BOOKMARK [1][-]{section.2.4}{\376\377\000S\000u\000s\000t\000r\000a\000t\000o\000\040\000d\000e\000\040\000o\000r\000q\000u\000e\000s\000t\000a\000c\000i\000\363\000n\000\040\000d\000e\000\040\000c\000o\000n\000t\000e\000n\000e\000d\000o\000r\000e\000s\000\040\000y\000\040\000e\000n\000t\000o\000r\000n\000o\000\040\000d\000e\000\040\000d\000e\000s\000p\000l\000i\000e\000g\000u\000e}{chapter.2}% 13
\BOOKMARK [1][-]{section.2.5}{\376\377\000P\000r\000o\000c\000e\000s\000a\000m\000i\000e\000n\000t\000o\000\040\000d\000i\000s\000t\000r\000i\000b\000u\000i\000d\000o\000:\000\040\000A\000p\000a\000c\000h\000e\000\040\000S\000p\000a\000r\000k\000\040\000f\000r\000e\000n\000t\000e\000\040\000a\000\040\000s\000u\000s\000\040\000a\000l\000t\000e\000r\000n\000a\000t\000i\000v\000a\000s}{chapter.2}% 14
\BOOKMARK [1][-]{section.2.6}{\376\377\000O\000r\000q\000u\000e\000s\000t\000a\000c\000i\000\363\000n\000\040\000d\000e\000\040\000f\000l\000u\000j\000o\000s\000\040\000E\000T\000L\000:\000\040\000A\000p\000a\000c\000h\000e\000\040\000A\000i\000r\000f\000l\000o\000w\000\040\000f\000r\000e\000n\000t\000e\000\040\000a\000\040\000s\000u\000s\000\040\000a\000l\000t\000e\000r\000n\000a\000t\000i\000v\000a\000s}{chapter.2}% 15
\BOOKMARK [1][-]{section.2.7}{\376\377\000C\000a\000p\000a\000\040\000d\000e\000\040\000c\000o\000n\000s\000u\000l\000t\000a\000\040\000i\000n\000t\000e\000r\000a\000c\000t\000i\000v\000a\000\040\000y\000\040\000c\000a\000p\000a\000\040\000d\000e\000\040\000v\000i\000s\000u\000a\000l\000i\000z\000a\000c\000i\000\363\000n}{chapter.2}% 16
\BOOKMARK [1][-]{section.2.8}{\376\377\000S\000\355\000n\000t\000e\000s\000i\000s\000\040\000y\000\040\000a\000r\000q\000u\000i\000t\000e\000c\000t\000u\000r\000a\000\040\000r\000e\000s\000u\000l\000t\000a\000n\000t\000e}{chapter.2}% 17
\BOOKMARK [0][-]{chapter.3}{\376\377\000I\000n\000f\000r\000a\000e\000s\000t\000r\000u\000c\000t\000u\000r\000a\000:\000\040\000d\000e\000s\000p\000l\000i\000e\000g\000u\000e\000\040\000d\000e\000l\000\040\000c\000l\000\372\000s\000t\000e\000r\000\040\000y\000\040\000s\000e\000r\000v\000i\000c\000i\000o\000s\000\040\000b\000a\000s\000e}{}% 18
\BOOKMARK [1][-]{section.3.1}{\376\377\000A\000r\000q\000u\000i\000t\000e\000c\000t\000u\000r\000a\000\040\000d\000e\000\040\000d\000e\000s\000p\000l\000i\000e\000g\000u\000e}{chapter.3}% 19
\BOOKMARK [1][-]{section.3.2}{\376\377\000C\000l\000\372\000s\000t\000e\000r\000\040\000K\000u\000b\000e\000r\000n\000e\000t\000e\000s\000\040\000l\000o\000c\000a\000l}{chapter.3}% 20
\BOOKMARK [1][-]{section.3.3}{\376\377\000S\000e\000r\000v\000i\000c\000i\000o\000s\000\040\000b\000a\000s\000e\000:\000\040\000M\000i\000n\000I\000O\000,\000\040\000P\000o\000s\000t\000g\000r\000e\000S\000Q\000L\000\040\000y\000\040\000A\000i\000r\000f\000l\000o\000w}{chapter.3}% 21
\BOOKMARK [1][-]{section.3.4}{\376\377\000C\000a\000t\000\341\000l\000o\000g\000o\000\040\000I\000c\000e\000b\000e\000r\000g\000\040\000s\000o\000b\000r\000e\000\040\000M\000i\000n\000I\000O}{chapter.3}% 22
\BOOKMARK [1][-]{section.3.5}{\376\377\000E\000j\000e\000c\000u\000c\000i\000\363\000n\000\040\000d\000e\000\040\000S\000p\000a\000r\000k\000\040\000d\000e\000s\000d\000e\000\040\000A\000i\000r\000f\000l\000o\000w}{chapter.3}% 23
\BOOKMARK [1][-]{section.3.6}{\376\377\000V\000e\000r\000i\000f\000i\000c\000a\000c\000i\000\363\000n\000\040\000d\000e\000\040\000e\000x\000t\000r\000e\000m\000o\000\040\000a\000\040\000e\000x\000t\000r\000e\000m\000o}{chapter.3}% 24
\BOOKMARK [0][-]{chapter.4}{\376\377\000I\000n\000g\000e\000s\000t\000a\000\040\000y\000\040\000f\000u\000s\000i\000\363\000n\000\040\000d\000e\000\040\000f\000u\000e\000n\000t\000e\000s\000\040\000h\000e\000t\000e\000r\000o\000g\000\351\000n\000e\000a\000s}{}% 25
\BOOKMARK [1][-]{section.4.1}{\376\377\000A\000r\000q\000u\000i\000t\000e\000c\000t\000u\000r\000a\000\040\000d\000e\000\040\000l\000a\000\040\000i\000n\000g\000e\000s\000t\000a}{chapter.4}% 26
\BOOKMARK [1][-]{section.4.2}{\376\377\000A\000d\000q\000u\000i\000s\000i\000c\000i\000\363\000n\000\040\000d\000e\000\040\000d\000a\000t\000o\000s\000\040\000d\000e\000\040\000O\000R\000C\000I\000D}{chapter.4}% 27
\BOOKMARK [1][-]{section.4.3}{\376\377\000G\000e\000n\000e\000r\000a\000c\000i\000\363\000n\000\040\000d\000e\000\040\000c\000u\000r\000r\000\355\000c\000u\000l\000o\000s\000\040\000C\000V\000N\000\040\000s\000i\000n\000t\000\351\000t\000i\000c\000o\000s}{chapter.4}% 28
\BOOKMARK [1][-]{section.4.4}{\376\377\000A\000t\000e\000r\000r\000i\000z\000a\000j\000e\000\040\000e\000n\000\040\000b\000r\000o\000n\000z\000e\000\040\000c\000o\000n\000\040\000p\000r\000o\000c\000e\000d\000e\000n\000c\000i\000a}{chapter.4}% 29
\BOOKMARK [1][-]{section.4.5}{\376\377\000V\000e\000r\000i\000f\000i\000c\000a\000c\000i\000\363\000n\000\040\000d\000e\000\040\000e\000x\000t\000r\000e\000m\000o\000\040\000a\000\040\000e\000x\000t\000r\000e\000m\000o}{chapter.4}% 30
\BOOKMARK [0][-]{chapter.5}{\376\377\000P\000r\000o\000c\000e\000s\000a\000m\000i\000e\000n\000t\000o\000\040\000d\000i\000s\000t\000r\000i\000b\000u\000i\000d\000o\000:\000\040\000t\000r\000a\000n\000s\000f\000o\000r\000m\000a\000c\000i\000\363\000n\000,\000\040\000r\000e\000s\000o\000l\000u\000c\000i\000\363\000n\000\040\000d\000e\000\040\000e\000n\000t\000i\000d\000a\000d\000e\000s\000\040\000e\000\040\000i\000n\000d\000i\000c\000a\000d\000o\000r\000e\000s}{}% 31
\BOOKMARK [1][-]{section.5.1}{\376\377\000A\000r\000q\000u\000i\000t\000e\000c\000t\000u\000r\000a\000\040\000d\000e\000\040\000l\000a\000\040\000t\000r\000a\000n\000s\000f\000o\000r\000m\000a\000c\000i\000\363\000n}{chapter.5}% 32
\BOOKMARK [1][-]{section.5.2}{\376\377\000V\000a\000l\000i\000d\000a\000c\000i\000\363\000n\000\040\000y\000\040\000n\000o\000r\000m\000a\000l\000i\000z\000a\000c\000i\000\363\000n\000\040\000d\000e\000\040\000b\000r\000o\000n\000z\000e\000\040\000a\000\040\000s\000i\000l\000v\000e\000r}{chapter.5}% 33
\BOOKMARK [1][-]{section.5.3}{\376\377\000R\000e\000s\000o\000l\000u\000c\000i\000\363\000n\000\040\000d\000e\000\040\000i\000d\000e\000n\000t\000i\000d\000a\000d\000\040\000e\000n\000t\000r\000e\000\040\000f\000u\000e\000n\000t\000e\000s}{chapter.5}% 34
\BOOKMARK [1][-]{section.5.4}{\376\377\000C\000\341\000l\000c\000u\000l\000o\000\040\000d\000e\000\040\000i\000n\000d\000i\000c\000a\000d\000o\000r\000e\000s\000\040\000y\000\040\000p\000u\000b\000l\000i\000c\000a\000c\000i\000\363\000n\000\040\000e\000n\000\040\000P\000o\000s\000t\000g\000r\000e\000S\000Q\000L}{chapter.5}% 35
\BOOKMARK [1][-]{section.5.5}{\376\377\000V\000e\000r\000i\000f\000i\000c\000a\000c\000i\000\363\000n\000\040\000d\000e\000\040\000e\000x\000t\000r\000e\000m\000o\000\040\000a\000\040\000e\000x\000t\000r\000e\000m\000o}{chapter.5}% 36
\BOOKMARK [0][-]{chapter.6}{\376\377\000V\000i\000s\000u\000a\000l\000i\000z\000a\000c\000i\000\363\000n\000,\000\040\000e\000v\000a\000l\000u\000a\000c\000i\000\363\000n\000\040\000d\000e\000\040\000r\000e\000n\000d\000i\000m\000i\000e\000n\000t\000o\000\040\000y\000\040\000e\000n\000d\000u\000r\000e\000c\000i\000m\000i\000e\000n\000t\000o}{}% 37
\BOOKMARK [1][-]{section.6.1}{\376\377\000P\000a\000n\000e\000l\000\040\000d\000e\000\040\000i\000n\000d\000i\000c\000a\000d\000o\000r\000e\000s}{chapter.6}% 38
\BOOKMARK [1][-]{section.6.2}{\376\377\000M\000e\000t\000o\000d\000o\000l\000o\000g\000\355\000a\000\040\000y\000\040\000r\000e\000s\000u\000l\000t\000a\000d\000o\000s\000\040\000d\000e\000l\000\040\000b\000a\000n\000c\000o\000\040\000d\000e\000\040\000p\000r\000u\000e\000b\000a\000s\000\040\000d\000e\000\040\000r\000e\000n\000d\000i\000m\000i\000e\000n\000t\000o}{chapter.6}% 39
\BOOKMARK [1][-]{section.6.3}{\376\377\000E\000n\000d\000u\000r\000e\000c\000i\000m\000i\000e\000n\000t\000o\000:\000\040\000f\000a\000l\000l\000o\000s\000\040\000o\000p\000e\000r\000a\000t\000i\000v\000o\000s\000\040\000r\000e\000a\000l\000e\000s\000\040\000e\000n\000c\000o\000n\000t\000r\000a\000d\000o\000s\000\040\000y\000\040\000c\000o\000r\000r\000e\000g\000i\000d\000o\000s}{chapter.6}% 40
\BOOKMARK [1][-]{section.6.4}{\376\377\000V\000e\000r\000i\000f\000i\000c\000a\000c\000i\000\363\000n\000\040\000d\000e\000\040\000e\000x\000t\000r\000e\000m\000o\000\040\000a\000\040\000e\000x\000t\000r\000e\000m\000o\000:\000\040\000r\000e\000c\000o\000n\000s\000t\000r\000u\000c\000c\000i\000\363\000n\000\040\000d\000e\000s\000d\000e\000\040\000c\000e\000r\000o}{chapter.6}% 41
\BOOKMARK [0][-]{chapter.7}{\376\377\000C\000o\000n\000c\000l\000u\000s\000i\000o\000n\000e\000s\000,\000\040\000c\000o\000m\000p\000e\000t\000e\000n\000c\000i\000a\000s\000\040\000y\000\040\000t\000r\000a\000b\000a\000j\000o\000\040\000f\000u\000t\000u\000r\000o}{}% 42
\BOOKMARK [1][-]{section.7.1}{\376\377\000R\000e\000s\000u\000m\000e\000n\000\040\000d\000e\000l\000\040\000t\000r\000a\000b\000a\000j\000o}{chapter.7}% 43
\BOOKMARK [1][-]{section.7.2}{\376\377\000C\000u\000m\000p\000l\000i\000m\000i\000e\000n\000t\000o\000\040\000d\000e\000\040\000l\000o\000s\000\040\000o\000b\000j\000e\000t\000i\000v\000o\000s}{chapter.7}% 44
\BOOKMARK [1][-]{section.7.3}{\376\377\000C\000o\000n\000t\000r\000i\000b\000u\000c\000i\000o\000n\000e\000s\000\040\000p\000r\000i\000n\000c\000i\000p\000a\000l\000e\000s}{chapter.7}% 45
\BOOKMARK [1][-]{section.7.4}{\376\377\000R\000e\000s\000u\000l\000t\000a\000d\000o\000s\000\040\000d\000e\000\040\000a\000p\000r\000e\000n\000d\000i\000z\000a\000j\000e\000\040\000d\000e\000s\000a\000r\000r\000o\000l\000l\000a\000d\000o\000s}{chapter.7}% 46
\BOOKMARK [1][-]{section.7.5}{\376\377\000L\000i\000m\000i\000t\000a\000c\000i\000o\000n\000e\000s\000\040\000y\000\040\000t\000r\000a\000b\000a\000j\000o\000\040\000f\000u\000t\000u\000r\000o}{chapter.7}% 47
\BOOKMARK [1][-]{section.7.6}{\376\377\000C\000o\000n\000c\000l\000u\000s\000i\000o\000n\000e\000s}{chapter.7}% 48
\BOOKMARK [0][-]{chapter*.26}{\376\377\000R\000e\000f\000e\000r\000e\000n\000c\000i\000a\000\040\000b\000i\000b\000l\000i\000o\000g\000r\000\341\000f\000i\000c\000a}{}% 49
\BOOKMARK [0][-]{chapter*.27}{\376\377\000A\000n\000e\000x\000o\000s}{}% 50
\BOOKMARK [0][-]{chapter*.28}{\376\377\000A\000n\000e\000x\000o\000\040\000A\000:\000\040\000G\000u\000\355\000a\000\040\000d\000e\000\040\000r\000e\000p\000r\000o\000d\000u\000c\000i\000b\000i\000l\000i\000d\000a\000d\000\040\000d\000e\000\040\000l\000a\000\040\000p\000l\000a\000t\000a\000f\000o\000r\000m\000a}{}% 51
\BOOKMARK [1][-]{section.7.1}{\376\377\000P\000r\000e\000r\000r\000e\000q\000u\000i\000s\000i\000t\000o\000s\000\040\000y\000\040\000v\000e\000r\000s\000i\000o\000n\000e\000s\000\040\000f\000i\000j\000a\000d\000a\000s}{chapter*.28}% 52
\BOOKMARK [1][-]{section.7.2}{\376\377\000C\000l\000\372\000s\000t\000e\000r\000\040\000y\000\040\000s\000e\000r\000v\000i\000c\000i\000o\000s\000\040\000b\000a\000s\000e}{chapter*.28}% 53
\BOOKMARK [1][-]{section.7.3}{\376\377\000I\000m\000\341\000g\000e\000n\000e\000s\000\040\000d\000e\000\040\000S\000p\000a\000r\000k\000\040\000y\000\040\000d\000e\000\040\000i\000n\000g\000e\000s\000t\000a}{chapter*.28}% 54
\BOOKMARK [1][-]{section.7.4}{\376\377\000E\000j\000e\000c\000u\000c\000i\000\363\000n\000\040\000d\000e\000\040\000l\000o\000s\000\040\000f\000l\000u\000j\000o\000s}{chapter*.28}% 55
\BOOKMARK [1][-]{section.7.5}{\376\377\000P\000a\000n\000e\000l\000\040\000d\000e\000\040\000i\000n\000d\000i\000c\000a\000d\000o\000r\000e\000s\000\040\000y\000\040\000v\000e\000r\000i\000f\000i\000c\000a\000c\000i\000\363\000n}{chapter*.28}% 56
\BOOKMARK [1][-]{section.7.6}{\376\377\000R\000e\000c\000u\000p\000e\000r\000a\000c\000i\000\363\000n\000\040\000d\000e\000\040\000l\000o\000s\000\040\000f\000a\000l\000l\000o\000s\000\040\000c\000o\000n\000o\000c\000i\000d\000o\000s}{chapter*.28}% 57
\BOOKMARK [0][-]{chapter*.34}{\376\377\000A\000n\000e\000x\000o\000\040\000B\000:\000\040\000R\000e\000s\000u\000l\000t\000a\000d\000o\000s\000\040\000c\000o\000m\000p\000l\000e\000t\000o\000s\000\040\000d\000e\000l\000\040\000b\000a\000n\000c\000o\000\040\000d\000e\000\040\000p\000r\000u\000e\000b\000a\000s}{}% 58
\BOOKMARK [1][-]{section.7.1}{\376\377\000V\000o\000l\000u\000m\000e\000n\000\040\000d\000e\000\040\000d\000a\000t\000o\000s\000\040\000p\000o\000r\000\040\000e\000s\000c\000a\000l\000a}{chapter*.34}% 59
\BOOKMARK [1][-]{section.7.2}{\376\377\000T\000i\000e\000m\000p\000o\000s\000,\000\040\000a\000c\000e\000l\000e\000r\000a\000c\000i\000\363\000n\000\040\000y\000\040\000e\000f\000i\000c\000i\000e\000n\000c\000i\000a\000\040\000p\000o\000r\000\040\000t\000r\000a\000b\000a\000j\000o}{chapter*.34}% 60
\BOOKMARK [1][-]{section.7.3}{\376\377\000E\000j\000e\000c\000u\000c\000i\000o\000n\000e\000s\000\040\000e\000x\000c\000l\000u\000i\000d\000a\000s}{chapter*.34}% 61
\BOOKMARK [1][-]{section.7.4}{\376\377\000C\000o\000r\000r\000e\000c\000c\000i\000\363\000n\000\040\000d\000e\000l\000\040\000r\000e\000s\000u\000l\000t\000a\000d\000o\000\040\000e\000n\000t\000r\000e\000\040\000c\000o\000n\000f\000i\000g\000u\000r\000a\000c\000i\000o\000n\000e\000s}{chapter*.34}% 62
\BOOKMARK [0][-]{chapter*.41}{\376\377\000A\000n\000e\000x\000o\000\040\000C\000:\000\040\000M\000o\000d\000e\000l\000o\000\040\000d\000e\000\040\000d\000a\000t\000o\000s\000\040\000d\000e\000\040\000l\000a\000\040\000p\000l\000a\000t\000a\000f\000o\000r\000m\000a}{}% 63
\BOOKMARK [1][-]{section.7.1}{\376\377\000O\000r\000g\000a\000n\000i\000z\000a\000c\000i\000\363\000n\000\040\000d\000e\000l\000\040\000a\000l\000m\000a\000c\000e\000n\000a\000m\000i\000e\000n\000t\000o}{chapter*.41}% 64
\BOOKMARK [1][-]{section.7.2}{\376\377\000S\000o\000b\000r\000e\000\040\000d\000e\000\040\000p\000r\000o\000c\000e\000d\000e\000n\000c\000i\000a\000\040\000d\000e\000\040\000b\000r\000o\000n\000z\000e}{chapter*.41}% 65
\BOOKMARK [1][-]{section.7.3}{\376\377\000T\000a\000b\000l\000a\000s\000\040\000d\000e\000\040\000s\000i\000l\000v\000e\000r}{chapter*.41}% 66
\BOOKMARK [1][-]{section.7.4}{\376\377\000T\000a\000b\000l\000a\000s\000\040\000d\000e\000\040\000g\000o\000l\000d\000\040\000y\000\040\000s\000u\000\040\000e\000s\000p\000e\000j\000o\000\040\000e\000n\000\040\000P\000o\000s\000t\000g\000r\000e\000S\000Q\000L}{chapter*.41}% 67
\BOOKMARK [0][-]{chapter*.45}{\376\377\000A\000n\000e\000x\000o\000\040\000D\000:\000\040\000R\000e\000s\000o\000l\000u\000c\000i\000\363\000n\000\040\000d\000e\000\040\000i\000d\000e\000n\000t\000i\000d\000a\000d\000\040\000e\000n\000\040\000d\000e\000t\000a\000l\000l\000e}{}% 68
\BOOKMARK [1][-]{section.7.1}{\376\377\000N\000o\000r\000m\000a\000l\000i\000z\000a\000c\000i\000\363\000n\000\040\000p\000r\000e\000v\000i\000a\000\040\000a\000\040\000l\000a\000\040\000c\000o\000m\000p\000a\000r\000a\000c\000i\000\363\000n}{chapter*.45}% 69
\BOOKMARK [1][-]{section.7.2}{\376\377\000C\000o\000m\000p\000a\000t\000i\000b\000i\000l\000i\000d\000a\000d\000\040\000d\000e\000\040\000n\000o\000m\000b\000r\000e\000s}{chapter*.45}% 70
\BOOKMARK [1][-]{section.7.3}{\376\377\000E\000v\000i\000d\000e\000n\000c\000i\000a\000\040\000g\000u\000a\000r\000d\000a\000d\000a\000\040\000e\000n\000\040\000c\000a\000d\000a\000\040\000e\000n\000l\000a\000c\000e}{chapter*.45}% 71
\BOOKMARK [1][-]{section.7.4}{\376\377\000U\000m\000b\000r\000a\000l\000\040\000d\000e\000\040\000s\000i\000m\000i\000l\000i\000t\000u\000d\000\040\000e\000n\000t\000r\000e\000\040\000o\000r\000g\000a\000n\000i\000z\000a\000c\000i\000o\000n\000e\000s}{chapter*.45}% 72
\BOOKMARK [1][-]{section.7.5}{\376\377\000A\000n\000\341\000l\000i\000s\000i\000s\000\040\000d\000e\000\040\000e\000r\000r\000o\000r\000e\000s\000\040\000y\000\040\000d\000e\000c\000i\000s\000i\000\363\000n\000\040\000f\000i\000n\000a\000l}{chapter*.45}% 73
\BOOKMARK [1][-]{section.7.6}{\376\377\000A\000l\000t\000e\000r\000n\000a\000t\000i\000v\000a\000s\000\040\000m\000\341\000s\000\040\000e\000s\000t\000r\000i\000c\000t\000a\000s}{chapter*.45}% 74
\BOOKMARK [1][-]{section.7.7}{\376\377\000C\000o\000b\000e\000r\000t\000u\000r\000a\000\040\000p\000o\000r\000\040\000v\000a\000r\000i\000a\000n\000t\000e\000\040\000d\000e\000\040\000n\000o\000m\000b\000r\000e}{chapter*.45}% 75
\BOOKMARK [1][-]{section.7.8}{\376\377\000M\000\351\000t\000o\000d\000o\000\040\000d\000e\000\040\000e\000v\000a\000l\000u\000a\000c\000i\000\363\000n}{chapter*.45}% 76
\BOOKMARK [0][-]{chapter*.49}{\376\377\000A\000n\000e\000x\000o\000\040\000E\000:\000\040\000R\000e\000g\000i\000s\000t\000r\000o\000\040\000d\000e\000\040\000l\000i\000m\000i\000t\000a\000c\000i\000o\000n\000e\000s}{}% 77
\BOOKMARK [1][-]{section.7.1}{\376\377\000I\000n\000f\000r\000a\000e\000s\000t\000r\000u\000c\000t\000u\000r\000a\000\040\000y\000\040\000c\000a\000d\000e\000n\000a\000\040\000d\000e\000\040\000s\000u\000m\000i\000n\000i\000s\000t\000r\000o}{chapter*.49}% 78
\BOOKMARK [1][-]{section.7.2}{\376\377\000A\000l\000c\000a\000n\000c\000e\000\040\000d\000e\000\040\000l\000o\000s\000\040\000d\000a\000t\000o\000s\000\040\000y\000\040\000d\000e\000\040\000l\000a\000\040\000i\000n\000g\000e\000s\000t\000a}{chapter*.49}% 79
\BOOKMARK [1][-]{section.7.3}{\376\377\000R\000e\000s\000o\000l\000u\000c\000i\000\363\000n\000\040\000d\000e\000\040\000i\000d\000e\000n\000t\000i\000d\000a\000d\000\040\000e\000\040\000i\000n\000d\000i\000c\000a\000d\000o\000r\000e\000s}{chapter*.49}% 80
\BOOKMARK [1][-]{section.7.4}{\376\377\000E\000s\000c\000a\000l\000a\000b\000i\000l\000i\000d\000a\000d\000\040\000y\000\040\000m\000e\000d\000i\000c\000i\000\363\000n}{chapter*.49}% 81
\BOOKMARK [0][-]{chapter*.50}{\376\377\000A\000n\000e\000x\000o\000\040\000F\000:\000\040\000R\000e\000p\000o\000s\000i\000t\000o\000r\000i\000o\000\040\000d\000e\000l\000\040\000p\000r\000o\000y\000e\000c\000t\000o\000\040\000y\000\040\000g\000u\000\355\000a\000\040\000d\000e\000\040\000u\000s\000o}{}% 82
